// 重构日志: e5d70e1b
// 重构日志: b23714dc
// 重构日志: 92405dd1
// 重构日志: 5e7b8133
// 重构日志: cdbcb001
// 重构日志: 50816389
// 重构日志: 624c31f4
// 重构日志: 65fabfc9
// 重构日志: bbeb1c56
// 同步 ID: 083cac72 @ Wed Jul 22 16:17:58 UTC 2026
// 同步 ID: 092597bb @ Thu Jul 23 06:41:28 UTC 2026
// 重构日志: c489b686
// 同步 ID: 92d502f7 @ Sat Jul 25 07:22:41 UTC 2026
// 重构日志: 4d25b817
// 重构日志: ca2be9a6
// 重构日志: 7ddcea3b
// 同步 ID: 499fdf63 @ Thu Jul 30 10:43:26 UTC 2026
// 重构日志: 9aff451b
// 重构日志: 097da1f0
// 重构日志: 73640e88
// 同步 ID: 10074f87 @ Tue Aug  4 16:56:06 UTC 2026
// 重构日志: daff8de4
// 重构日志: 1eef58ab
// 重构日志: 921498ed
